../source/magnetic.c:201:6:init_magnetic	24	static
../source/magnetic.c:219:6:enable_reading	8	static
../source/magnetic.c:227:6:disable_reading	4	static
../source/magnetic.c:232:15:get_state	4	static
../source/magnetic.c:236:22:get_data	4	static
../source/magnetic.c:250:6:clock_falling_edge	8	static
../source/magnetic.c:261:6:enable_changed_state	8	static
../source/magnetic.c:272:6:do_nothing	4	static
../source/magnetic.c:274:6:clean_message	16	static
../source/magnetic.c:286:6:clean_current_character	4	static
../source/magnetic.c:291:6:reset_FSM	8	static
../source/magnetic.c:301:6:begin_SS	8	static
../source/magnetic.c:306:6:add_1	8	static
../source/magnetic.c:310:6:add_0	8	static
../source/magnetic.c:314:6:add_data_to_current_character	16	static
../source/magnetic.c:327:6:validate_LRC	24	static
../source/magnetic.c:343:6:finish_reading	8	static
../source/magnetic.c:351:6:finished_early	8	static
../source/magnetic.c:357:6:data_after_LRC	8	static
../source/magnetic.c:363:6:event_not_valid	8	static
../source/magnetic.c:369:6:SS_expected	8	static
../source/magnetic.c:375:6:LRC_expected	8	static
../source/magnetic.c:381:6:add_character_to_content	16	static
../source/magnetic.c:385:6:current_character_valid_parity	16	static
../source/magnetic.c:390:7:character2event	16	static
../source/magnetic.c:404:9:character2char	4	static
../source/magnetic.c:408:6:fsm_handler	24	static
