C:\Users\alero\Documents\MCUXpressoIDE_11.5.1_7266\workspace\TPF Grupo2 - V6.10\CMSIS/core_cm4.h:1679:22:__NVIC_EnableIRQ	16	static
../source/main.c:290:6:close_door	8	static
../source/main.c:294:13:Task2	32	static
../source/main.c:353:13:Task3	128	static
../source/main.c:405:13:TaskStart	64	static
../source/main.c:483:5:main	56	static
../source/main.c:544:6:myCGIinit	8	static
../source/main.c:556:20:EmailCGIhandler	48	static
../source/main.c:588:20:CardsCGIhandler	40	static
../source/main.c:605:20:AreaCGIhandler	40	static
../source/main.c:630:20:UpdateCGIhandler	24	static
../source/main.c:642:6:mySSIinit	8	static
../source/main.c:648:14:mySSIHandler	400	static
../source/main.c:704:6:compress_and_send_photo	32	static
../source/main.c:727:6:photo_is_ready	16	static
../source/main.c:733:6:my_port_init	8	static
../source/main.c:763:5:my_smtp_bodydh_fn	16	static
../source/main.c:836:6:mySMTPresult	24	static
../source/main.c:851:6:send_email	24	static
../source/main.c:876:13:print_dhcp_state	24	static
../source/main.c:947:6:sntp_set_system_time	56	static
../source/main.c:966:6:sntp_example_init	8	static
